2021-10-14 16:05:04	첫 번째 로깅 문장입니다.
